0:0:0:0:0:0:0:1 - - [12/Nov/2020:15:09:42 +0800] "GET /nacos/ HTTP/1.1" 200 2624 121 Mozilla/5.0 (Windows NT 10.0; Win64; x64) AppleWebKit/537.36 (KHTML, like Gecko) Chrome/86.0.4240.198 Safari/537.36
0:0:0:0:0:0:0:1 - - [12/Nov/2020:15:09:43 +0800] "GET /nacos/console-fe/public/css/bootstrap.css HTTP/1.1" 200 123294 16 Mozilla/5.0 (Windows NT 10.0; Win64; x64) AppleWebKit/537.36 (KHTML, like Gecko) Chrome/86.0.4240.198 Safari/537.36
0:0:0:0:0:0:0:1 - - [12/Nov/2020:15:09:43 +0800] "GET /nacos/console-fe/public/css/console1412.css HTTP/1.1" 200 156959 21 Mozilla/5.0 (Windows NT 10.0; Win64; x64) AppleWebKit/537.36 (KHTML, like Gecko) Chrome/86.0.4240.198 Safari/537.36
0:0:0:0:0:0:0:1 - - [12/Nov/2020:15:09:43 +0800] "GET /nacos/console-fe/public/css/icon.css HTTP/1.1" 200 5176 21 Mozilla/5.0 (Windows NT 10.0; Win64; x64) AppleWebKit/537.36 (KHTML, like Gecko) Chrome/86.0.4240.198 Safari/537.36
0:0:0:0:0:0:0:1 - - [12/Nov/2020:15:09:43 +0800] "GET /nacos/console-fe/public/css/codemirror.css HTTP/1.1" 200 8858 23 Mozilla/5.0 (Windows NT 10.0; Win64; x64) AppleWebKit/537.36 (KHTML, like Gecko) Chrome/86.0.4240.198 Safari/537.36
0:0:0:0:0:0:0:1 - - [12/Nov/2020:15:09:43 +0800] "GET /nacos/console-fe/public/css/merge.css HTTP/1.1" 200 3866 22 Mozilla/5.0 (Windows NT 10.0; Win64; x64) AppleWebKit/537.36 (KHTML, like Gecko) Chrome/86.0.4240.198 Safari/537.36
0:0:0:0:0:0:0:1 - - [12/Nov/2020:15:09:43 +0800] "GET /nacos/console-fe/public/css/font-awesome.css HTTP/1.1" 200 33850 20 Mozilla/5.0 (Windows NT 10.0; Win64; x64) AppleWebKit/537.36 (KHTML, like Gecko) Chrome/86.0.4240.198 Safari/537.36
0:0:0:0:0:0:0:1 - - [12/Nov/2020:15:09:43 +0800] "GET /nacos/css/main.css HTTP/1.1" 200 444221 17 Mozilla/5.0 (Windows NT 10.0; Win64; x64) AppleWebKit/537.36 (KHTML, like Gecko) Chrome/86.0.4240.198 Safari/537.36
0:0:0:0:0:0:0:1 - - [12/Nov/2020:15:09:43 +0800] "GET /nacos/console-fe/public/js/codemirror.addone.fullscreen.js HTTP/1.1" 200 1983 17 Mozilla/5.0 (Windows NT 10.0; Win64; x64) AppleWebKit/537.36 (KHTML, like Gecko) Chrome/86.0.4240.198 Safari/537.36
0:0:0:0:0:0:0:1 - - [12/Nov/2020:15:09:43 +0800] "GET /nacos/console-fe/public/js/xml.js HTTP/1.1" 200 13059 17 Mozilla/5.0 (Windows NT 10.0; Win64; x64) AppleWebKit/537.36 (KHTML, like Gecko) Chrome/86.0.4240.198 Safari/537.36
0:0:0:0:0:0:0:1 - - [12/Nov/2020:15:09:43 +0800] "GET /nacos/console-fe/public/js/javascript.js HTTP/1.1" 200 32209 18 Mozilla/5.0 (Windows NT 10.0; Win64; x64) AppleWebKit/537.36 (KHTML, like Gecko) Chrome/86.0.4240.198 Safari/537.36
0:0:0:0:0:0:0:1 - - [12/Nov/2020:15:09:43 +0800] "GET /nacos/console-fe/public/js/jquery.js HTTP/1.1" 200 89476 19 Mozilla/5.0 (Windows NT 10.0; Win64; x64) AppleWebKit/537.36 (KHTML, like Gecko) Chrome/86.0.4240.198 Safari/537.36
0:0:0:0:0:0:0:1 - - [12/Nov/2020:15:09:43 +0800] "GET /nacos/console-fe/public/js/codemirror.js HTTP/1.1" 200 366246 27 Mozilla/5.0 (Windows NT 10.0; Win64; x64) AppleWebKit/537.36 (KHTML, like Gecko) Chrome/86.0.4240.198 Safari/537.36
0:0:0:0:0:0:0:1 - - [12/Nov/2020:15:09:43 +0800] "GET /nacos/console-fe/public/js/codemirror.addone.lint.js HTTP/1.1" 200 8521 19 Mozilla/5.0 (Windows NT 10.0; Win64; x64) AppleWebKit/537.36 (KHTML, like Gecko) Chrome/86.0.4240.198 Safari/537.36
0:0:0:0:0:0:0:1 - - [12/Nov/2020:15:09:43 +0800] "GET /nacos/console-fe/public/js/codemirror.lib.json-lint.js HTTP/1.1" 200 16798 18 Mozilla/5.0 (Windows NT 10.0; Win64; x64) AppleWebKit/537.36 (KHTML, like Gecko) Chrome/86.0.4240.198 Safari/537.36
0:0:0:0:0:0:0:1 - - [12/Nov/2020:15:09:43 +0800] "GET /nacos/console-fe/public/js/codemirror.addone.json-lint.js HTTP/1.1" 200 1443 19 Mozilla/5.0 (Windows NT 10.0; Win64; x64) AppleWebKit/537.36 (KHTML, like Gecko) Chrome/86.0.4240.198 Safari/537.36
0:0:0:0:0:0:0:1 - - [12/Nov/2020:15:09:43 +0800] "GET /nacos/console-fe/public/js/codemirror.lib.clike-lint.js HTTP/1.1" 200 31531 18 Mozilla/5.0 (Windows NT 10.0; Win64; x64) AppleWebKit/537.36 (KHTML, like Gecko) Chrome/86.0.4240.198 Safari/537.36
0:0:0:0:0:0:0:1 - - [12/Nov/2020:15:09:43 +0800] "GET /nacos/console-fe/public/js/diff_match_patch.js HTTP/1.1" 200 19192 8 Mozilla/5.0 (Windows NT 10.0; Win64; x64) AppleWebKit/537.36 (KHTML, like Gecko) Chrome/86.0.4240.198 Safari/537.36
0:0:0:0:0:0:0:1 - - [12/Nov/2020:15:09:43 +0800] "GET /nacos/console-fe/public/js/loader.js HTTP/1.1" 200 28899 7 Mozilla/5.0 (Windows NT 10.0; Win64; x64) AppleWebKit/537.36 (KHTML, like Gecko) Chrome/86.0.4240.198 Safari/537.36
0:0:0:0:0:0:0:1 - - [12/Nov/2020:15:09:43 +0800] "GET /nacos/console-fe/public/js/merge.js HTTP/1.1" 200 37883 6 Mozilla/5.0 (Windows NT 10.0; Win64; x64) AppleWebKit/537.36 (KHTML, like Gecko) Chrome/86.0.4240.198 Safari/537.36
0:0:0:0:0:0:0:1 - - [12/Nov/2020:15:09:43 +0800] "GET /nacos/js/main.js HTTP/1.1" 200 1381374 27 Mozilla/5.0 (Windows NT 10.0; Win64; x64) AppleWebKit/537.36 (KHTML, like Gecko) Chrome/86.0.4240.198 Safari/537.36
0:0:0:0:0:0:0:1 - - [12/Nov/2020:15:09:43 +0800] "GET /nacos/img/logo-2000-390.svg HTTP/1.1" 200 2106 12 Mozilla/5.0 (Windows NT 10.0; Win64; x64) AppleWebKit/537.36 (KHTML, like Gecko) Chrome/86.0.4240.198 Safari/537.36
0:0:0:0:0:0:0:1 - - [12/Nov/2020:15:09:43 +0800] "GET /nacos/console-fe/public/js/vs/editor/editor.main.js HTTP/1.1" 200 1824087 38 Mozilla/5.0 (Windows NT 10.0; Win64; x64) AppleWebKit/537.36 (KHTML, like Gecko) Chrome/86.0.4240.198 Safari/537.36
0:0:0:0:0:0:0:1 - - [12/Nov/2020:15:09:43 +0800] "GET /nacos/img/black_dot.png HTTP/1.1" 200 114 6 Mozilla/5.0 (Windows NT 10.0; Win64; x64) AppleWebKit/537.36 (KHTML, like Gecko) Chrome/86.0.4240.198 Safari/537.36
0:0:0:0:0:0:0:1 - - [12/Nov/2020:15:09:43 +0800] "GET /nacos/v1/console/namespaces?&accessToken=&namespaceId= HTTP/1.1" 200 131 66 Mozilla/5.0 (Windows NT 10.0; Win64; x64) AppleWebKit/537.36 (KHTML, like Gecko) Chrome/86.0.4240.198 Safari/537.36
0:0:0:0:0:0:0:1 - - [12/Nov/2020:15:09:43 +0800] "GET /nacos/v1/console/server/state?accessToken= HTTP/1.1" 200 82 43 Mozilla/5.0 (Windows NT 10.0; Win64; x64) AppleWebKit/537.36 (KHTML, like Gecko) Chrome/86.0.4240.198 Safari/537.36
0:0:0:0:0:0:0:1 - - [12/Nov/2020:15:09:43 +0800] "GET /nacos/img/nacos.png HTTP/1.1" 200 3588 9 Mozilla/5.0 (Windows NT 10.0; Win64; x64) AppleWebKit/537.36 (KHTML, like Gecko) Chrome/86.0.4240.198 Safari/537.36
0:0:0:0:0:0:0:1 - - [12/Nov/2020:15:09:43 +0800] "GET /nacos/console-fe/public/icons/icon-font.woff2 HTTP/1.1" 404 177 46 Mozilla/5.0 (Windows NT 10.0; Win64; x64) AppleWebKit/537.36 (KHTML, like Gecko) Chrome/86.0.4240.198 Safari/537.36
0:0:0:0:0:0:0:1 - - [12/Nov/2020:15:09:43 +0800] "GET /nacos/v1/cs/configs?dataId=&group=&appName=&config_tags=&pageNo=1&pageSize=10&tenant=&search=accurate&accessToken= HTTP/1.1" 200 7850 63 Mozilla/5.0 (Windows NT 10.0; Win64; x64) AppleWebKit/537.36 (KHTML, like Gecko) Chrome/86.0.4240.198 Safari/537.36
0:0:0:0:0:0:0:1 - - [12/Nov/2020:15:09:43 +0800] "GET /nacos/console-fe/public/js/vs/editor/editor.main.nls.zh-cn.js HTTP/1.1" 200 22864 7 Mozilla/5.0 (Windows NT 10.0; Win64; x64) AppleWebKit/537.36 (KHTML, like Gecko) Chrome/86.0.4240.198 Safari/537.36
0:0:0:0:0:0:0:1 - - [12/Nov/2020:15:09:43 +0800] "GET /nacos/console-fe/public/js/vs/editor/editor.main.css HTTP/1.1" 200 172199 9 Mozilla/5.0 (Windows NT 10.0; Win64; x64) AppleWebKit/537.36 (KHTML, like Gecko) Chrome/86.0.4240.198 Safari/537.36
0:0:0:0:0:0:0:1 - - [12/Nov/2020:15:09:43 +0800] "GET /nacos/console-fe/public/icons/icon-font.woff HTTP/1.1" 200 5504 6 Mozilla/5.0 (Windows NT 10.0; Win64; x64) AppleWebKit/537.36 (KHTML, like Gecko) Chrome/86.0.4240.198 Safari/537.36
0:0:0:0:0:0:0:1 - - [12/Nov/2020:15:09:43 +0800] "GET /nacos/console-fe/public/img/favicon.ico HTTP/1.1" 200 4286 14 Mozilla/5.0 (Windows NT 10.0; Win64; x64) AppleWebKit/537.36 (KHTML, like Gecko) Chrome/86.0.4240.198 Safari/537.36
0:0:0:0:0:0:0:1 - - [12/Nov/2020:15:09:51 +0800] "POST /nacos/v1/auth/users/login HTTP/1.1" 403 13 140 Mozilla/5.0 (Windows NT 10.0; Win64; x64) AppleWebKit/537.36 (KHTML, like Gecko) Chrome/86.0.4240.198 Safari/537.36
0:0:0:0:0:0:0:1 - - [12/Nov/2020:15:10:44 +0800] "POST /nacos/v1/auth/users/login HTTP/1.1" 200 173 149 Mozilla/5.0 (Windows NT 10.0; Win64; x64) AppleWebKit/537.36 (KHTML, like Gecko) Chrome/86.0.4240.198 Safari/537.36
0:0:0:0:0:0:0:1 - - [12/Nov/2020:15:10:44 +0800] "GET /nacos/v1/console/server/state?accessToken=eyJhbGciOiJIUzI1NiJ9.eyJzdWIiOiJuYWNvcyIsImV4cCI6MTYwNTE4MzA0NH0.4wzAVbJeqc_zjwSAX54HmrBtYBK8RjMAAKkG2qF4n1w HTTP/1.1" 200 82 4 Mozilla/5.0 (Windows NT 10.0; Win64; x64) AppleWebKit/537.36 (KHTML, like Gecko) Chrome/86.0.4240.198 Safari/537.36
0:0:0:0:0:0:0:1 - - [12/Nov/2020:15:10:44 +0800] "GET /nacos/v1/cs/configs?dataId=&group=&appName=&config_tags=&pageNo=1&pageSize=10&tenant=&search=accurate&accessToken=eyJhbGciOiJIUzI1NiJ9.eyJzdWIiOiJuYWNvcyIsImV4cCI6MTYwNTE4MzA0NH0.4wzAVbJeqc_zjwSAX54HmrBtYBK8RjMAAKkG2qF4n1w HTTP/1.1" 200 7850 9 Mozilla/5.0 (Windows NT 10.0; Win64; x64) AppleWebKit/537.36 (KHTML, like Gecko) Chrome/86.0.4240.198 Safari/537.36
127.0.0.1 - - [12/Nov/2020:15:12:47 +0800] "POST /nacos/v1/ns/instance?app=unknown&metadata=%7B%22preserved.register.source%22%3A%22SPRING_CLOUD%22%7D&ip=172.28.20.216&weight=1.0&ephemeral=true&serviceName=DEFAULT_GROUP%40%40base-gateway&encoding=UTF-8&groupName=DEFAULT_GROUP&namespaceId=public&port=8763&enable=true&healthy=true&clusterName=DEFAULT HTTP/1.1" 200 2 52 Nacos-Java-Client:v1.2.1
127.0.0.1 - - [12/Nov/2020:15:12:52 +0800] "PUT /nacos/v1/ns/instance/beat?app=unknown&namespaceId=public&port=8763&clusterName=DEFAULT&ip=172.28.20.216&serviceName=DEFAULT_GROUP%40%40base-gateway&encoding=UTF-8 HTTP/1.1" 200 75 33 Nacos-Java-Client:v1.2.1
127.0.0.1 - - [12/Nov/2020:15:12:57 +0800] "PUT /nacos/v1/ns/instance/beat?app=unknown&namespaceId=public&port=8763&clusterName=DEFAULT&ip=172.28.20.216&serviceName=DEFAULT_GROUP%40%40base-gateway&encoding=UTF-8 HTTP/1.1" 200 75 4 Nacos-Java-Client:v1.2.1
127.0.0.1 - - [12/Nov/2020:15:13:02 +0800] "PUT /nacos/v1/ns/instance/beat?app=unknown&namespaceId=public&port=8763&clusterName=DEFAULT&ip=172.28.20.216&serviceName=DEFAULT_GROUP%40%40base-gateway&encoding=UTF-8 HTTP/1.1" 200 75 2 Nacos-Java-Client:v1.2.1
0:0:0:0:0:0:0:1 - - [12/Nov/2020:15:13:06 +0800] "GET /nacos/v1/ns/catalog/services?hasIpCount=true&withInstances=false&pageNo=1&pageSize=10&serviceNameParam=&groupNameParam=&accessToken=eyJhbGciOiJIUzI1NiJ9.eyJzdWIiOiJuYWNvcyIsImV4cCI6MTYwNTE4MzA0NH0.4wzAVbJeqc_zjwSAX54HmrBtYBK8RjMAAKkG2qF4n1w&namespaceId= HTTP/1.1" 200 166 18 Mozilla/5.0 (Windows NT 10.0; Win64; x64) AppleWebKit/537.36 (KHTML, like Gecko) Chrome/86.0.4240.198 Safari/537.36
127.0.0.1 - - [12/Nov/2020:15:13:07 +0800] "PUT /nacos/v1/ns/instance/beat?app=unknown&namespaceId=public&port=8763&clusterName=DEFAULT&ip=172.28.20.216&serviceName=DEFAULT_GROUP%40%40base-gateway&encoding=UTF-8 HTTP/1.1" 200 75 2 Nacos-Java-Client:v1.2.1
127.0.0.1 - - [12/Nov/2020:15:13:12 +0800] "PUT /nacos/v1/ns/instance/beat?app=unknown&namespaceId=public&port=8763&clusterName=DEFAULT&ip=172.28.20.216&serviceName=DEFAULT_GROUP%40%40base-gateway&encoding=UTF-8 HTTP/1.1" 200 75 3 Nacos-Java-Client:v1.2.1
127.0.0.1 - - [12/Nov/2020:15:13:17 +0800] "PUT /nacos/v1/ns/instance/beat?app=unknown&namespaceId=public&port=8763&clusterName=DEFAULT&ip=172.28.20.216&serviceName=DEFAULT_GROUP%40%40base-gateway&encoding=UTF-8 HTTP/1.1" 200 75 3 Nacos-Java-Client:v1.2.1
127.0.0.1 - - [12/Nov/2020:15:13:22 +0800] "PUT /nacos/v1/ns/instance/beat?app=unknown&namespaceId=public&port=8763&clusterName=DEFAULT&ip=172.28.20.216&serviceName=DEFAULT_GROUP%40%40base-gateway&encoding=UTF-8 HTTP/1.1" 200 75 3 Nacos-Java-Client:v1.2.1
127.0.0.1 - - [12/Nov/2020:15:13:27 +0800] "PUT /nacos/v1/ns/instance/beat?app=unknown&namespaceId=public&port=8763&clusterName=DEFAULT&ip=172.28.20.216&serviceName=DEFAULT_GROUP%40%40base-gateway&encoding=UTF-8 HTTP/1.1" 200 75 2 Nacos-Java-Client:v1.2.1
127.0.0.1 - - [12/Nov/2020:15:13:32 +0800] "PUT /nacos/v1/ns/instance/beat?app=unknown&namespaceId=public&port=8763&clusterName=DEFAULT&ip=172.28.20.216&serviceName=DEFAULT_GROUP%40%40base-gateway&encoding=UTF-8 HTTP/1.1" 200 75 2 Nacos-Java-Client:v1.2.1
127.0.0.1 - - [12/Nov/2020:15:13:37 +0800] "PUT /nacos/v1/ns/instance/beat?app=unknown&namespaceId=public&port=8763&clusterName=DEFAULT&ip=172.28.20.216&serviceName=DEFAULT_GROUP%40%40base-gateway&encoding=UTF-8 HTTP/1.1" 200 75 2 Nacos-Java-Client:v1.2.1
127.0.0.1 - - [12/Nov/2020:15:13:42 +0800] "PUT /nacos/v1/ns/instance/beat?app=unknown&namespaceId=public&port=8763&clusterName=DEFAULT&ip=172.28.20.216&serviceName=DEFAULT_GROUP%40%40base-gateway&encoding=UTF-8 HTTP/1.1" 200 75 3 Nacos-Java-Client:v1.2.1
127.0.0.1 - - [12/Nov/2020:15:13:47 +0800] "PUT /nacos/v1/ns/instance/beat?app=unknown&namespaceId=public&port=8763&clusterName=DEFAULT&ip=172.28.20.216&serviceName=DEFAULT_GROUP%40%40base-gateway&encoding=UTF-8 HTTP/1.1" 200 75 2 Nacos-Java-Client:v1.2.1
127.0.0.1 - - [12/Nov/2020:15:13:52 +0800] "PUT /nacos/v1/ns/instance/beat?app=unknown&namespaceId=public&port=8763&clusterName=DEFAULT&ip=172.28.20.216&serviceName=DEFAULT_GROUP%40%40base-gateway&encoding=UTF-8 HTTP/1.1" 200 75 4 Nacos-Java-Client:v1.2.1
127.0.0.1 - - [12/Nov/2020:15:13:57 +0800] "PUT /nacos/v1/ns/instance/beat?app=unknown&namespaceId=public&port=8763&clusterName=DEFAULT&ip=172.28.20.216&serviceName=DEFAULT_GROUP%40%40base-gateway&encoding=UTF-8 HTTP/1.1" 200 75 2 Nacos-Java-Client:v1.2.1
127.0.0.1 - - [12/Nov/2020:15:14:02 +0800] "PUT /nacos/v1/ns/instance/beat?app=unknown&namespaceId=public&port=8763&clusterName=DEFAULT&ip=172.28.20.216&serviceName=DEFAULT_GROUP%40%40base-gateway&encoding=UTF-8 HTTP/1.1" 200 75 3 Nacos-Java-Client:v1.2.1
127.0.0.1 - - [12/Nov/2020:15:14:07 +0800] "PUT /nacos/v1/ns/instance/beat?app=unknown&namespaceId=public&port=8763&clusterName=DEFAULT&ip=172.28.20.216&serviceName=DEFAULT_GROUP%40%40base-gateway&encoding=UTF-8 HTTP/1.1" 200 75 4 Nacos-Java-Client:v1.2.1
127.0.0.1 - - [12/Nov/2020:15:14:12 +0800] "PUT /nacos/v1/ns/instance/beat?app=unknown&namespaceId=public&port=8763&clusterName=DEFAULT&ip=172.28.20.216&serviceName=DEFAULT_GROUP%40%40base-gateway&encoding=UTF-8 HTTP/1.1" 200 75 2 Nacos-Java-Client:v1.2.1
127.0.0.1 - - [12/Nov/2020:15:14:17 +0800] "PUT /nacos/v1/ns/instance/beat?app=unknown&namespaceId=public&port=8763&clusterName=DEFAULT&ip=172.28.20.216&serviceName=DEFAULT_GROUP%40%40base-gateway&encoding=UTF-8 HTTP/1.1" 200 75 2 Nacos-Java-Client:v1.2.1
127.0.0.1 - - [12/Nov/2020:15:14:22 +0800] "PUT /nacos/v1/ns/instance/beat?app=unknown&namespaceId=public&port=8763&clusterName=DEFAULT&ip=172.28.20.216&serviceName=DEFAULT_GROUP%40%40base-gateway&encoding=UTF-8 HTTP/1.1" 200 75 3 Nacos-Java-Client:v1.2.1
127.0.0.1 - - [12/Nov/2020:15:14:27 +0800] "PUT /nacos/v1/ns/instance/beat?app=unknown&namespaceId=public&port=8763&clusterName=DEFAULT&ip=172.28.20.216&serviceName=DEFAULT_GROUP%40%40base-gateway&encoding=UTF-8 HTTP/1.1" 200 75 2 Nacos-Java-Client:v1.2.1
127.0.0.1 - - [12/Nov/2020:15:14:32 +0800] "PUT /nacos/v1/ns/instance/beat?app=unknown&namespaceId=public&port=8763&clusterName=DEFAULT&ip=172.28.20.216&serviceName=DEFAULT_GROUP%40%40base-gateway&encoding=UTF-8 HTTP/1.1" 200 75 1 Nacos-Java-Client:v1.2.1
127.0.0.1 - - [12/Nov/2020:15:14:37 +0800] "PUT /nacos/v1/ns/instance/beat?app=unknown&namespaceId=public&port=8763&clusterName=DEFAULT&ip=172.28.20.216&serviceName=DEFAULT_GROUP%40%40base-gateway&encoding=UTF-8 HTTP/1.1" 200 75 3 Nacos-Java-Client:v1.2.1
127.0.0.1 - - [12/Nov/2020:15:14:42 +0800] "PUT /nacos/v1/ns/instance/beat?app=unknown&namespaceId=public&port=8763&clusterName=DEFAULT&ip=172.28.20.216&serviceName=DEFAULT_GROUP%40%40base-gateway&encoding=UTF-8 HTTP/1.1" 200 75 3 Nacos-Java-Client:v1.2.1
127.0.0.1 - - [12/Nov/2020:15:14:47 +0800] "PUT /nacos/v1/ns/instance/beat?app=unknown&namespaceId=public&port=8763&clusterName=DEFAULT&ip=172.28.20.216&serviceName=DEFAULT_GROUP%40%40base-gateway&encoding=UTF-8 HTTP/1.1" 200 75 2 Nacos-Java-Client:v1.2.1
127.0.0.1 - - [12/Nov/2020:15:14:52 +0800] "PUT /nacos/v1/ns/instance/beat?app=unknown&namespaceId=public&port=8763&clusterName=DEFAULT&ip=172.28.20.216&serviceName=DEFAULT_GROUP%40%40base-gateway&encoding=UTF-8 HTTP/1.1" 200 75 2 Nacos-Java-Client:v1.2.1
127.0.0.1 - - [12/Nov/2020:15:14:57 +0800] "PUT /nacos/v1/ns/instance/beat?app=unknown&namespaceId=public&port=8763&clusterName=DEFAULT&ip=172.28.20.216&serviceName=DEFAULT_GROUP%40%40base-gateway&encoding=UTF-8 HTTP/1.1" 200 75 1 Nacos-Java-Client:v1.2.1
127.0.0.1 - - [12/Nov/2020:15:15:02 +0800] "PUT /nacos/v1/ns/instance/beat?app=unknown&namespaceId=public&port=8763&clusterName=DEFAULT&ip=172.28.20.216&serviceName=DEFAULT_GROUP%40%40base-gateway&encoding=UTF-8 HTTP/1.1" 200 75 2 Nacos-Java-Client:v1.2.1
127.0.0.1 - - [12/Nov/2020:15:15:07 +0800] "PUT /nacos/v1/ns/instance/beat?app=unknown&namespaceId=public&port=8763&clusterName=DEFAULT&ip=172.28.20.216&serviceName=DEFAULT_GROUP%40%40base-gateway&encoding=UTF-8 HTTP/1.1" 200 75 2 Nacos-Java-Client:v1.2.1
127.0.0.1 - - [12/Nov/2020:15:15:12 +0800] "PUT /nacos/v1/ns/instance/beat?app=unknown&namespaceId=public&port=8763&clusterName=DEFAULT&ip=172.28.20.216&serviceName=DEFAULT_GROUP%40%40base-gateway&encoding=UTF-8 HTTP/1.1" 200 75 3 Nacos-Java-Client:v1.2.1
127.0.0.1 - - [12/Nov/2020:15:15:17 +0800] "PUT /nacos/v1/ns/instance/beat?app=unknown&namespaceId=public&port=8763&clusterName=DEFAULT&ip=172.28.20.216&serviceName=DEFAULT_GROUP%40%40base-gateway&encoding=UTF-8 HTTP/1.1" 200 75 2 Nacos-Java-Client:v1.2.1
127.0.0.1 - - [12/Nov/2020:15:15:22 +0800] "PUT /nacos/v1/ns/instance/beat?app=unknown&namespaceId=public&port=8763&clusterName=DEFAULT&ip=172.28.20.216&serviceName=DEFAULT_GROUP%40%40base-gateway&encoding=UTF-8 HTTP/1.1" 200 75 2 Nacos-Java-Client:v1.2.1
127.0.0.1 - - [12/Nov/2020:15:15:27 +0800] "PUT /nacos/v1/ns/instance/beat?app=unknown&namespaceId=public&port=8763&clusterName=DEFAULT&ip=172.28.20.216&serviceName=DEFAULT_GROUP%40%40base-gateway&encoding=UTF-8 HTTP/1.1" 200 75 2 Nacos-Java-Client:v1.2.1
0:0:0:0:0:0:0:1 - - [12/Nov/2020:15:15:31 +0800] "GET /nacos/v1/cs/configs?dataId=&group=&appName=&config_tags=&pageNo=1&pageSize=10&tenant=&search=accurate&accessToken=eyJhbGciOiJIUzI1NiJ9.eyJzdWIiOiJuYWNvcyIsImV4cCI6MTYwNTE4MzA0NH0.4wzAVbJeqc_zjwSAX54HmrBtYBK8RjMAAKkG2qF4n1w HTTP/1.1" 200 7850 7 Mozilla/5.0 (Windows NT 10.0; Win64; x64) AppleWebKit/537.36 (KHTML, like Gecko) Chrome/86.0.4240.198 Safari/537.36
127.0.0.1 - - [12/Nov/2020:15:15:32 +0800] "PUT /nacos/v1/ns/instance/beat?app=unknown&namespaceId=public&port=8763&clusterName=DEFAULT&ip=172.28.20.216&serviceName=DEFAULT_GROUP%40%40base-gateway&encoding=UTF-8 HTTP/1.1" 200 75 1 Nacos-Java-Client:v1.2.1
127.0.0.1 - - [12/Nov/2020:15:15:37 +0800] "PUT /nacos/v1/ns/instance/beat?app=unknown&namespaceId=public&port=8763&clusterName=DEFAULT&ip=172.28.20.216&serviceName=DEFAULT_GROUP%40%40base-gateway&encoding=UTF-8 HTTP/1.1" 200 75 2 Nacos-Java-Client:v1.2.1
127.0.0.1 - - [12/Nov/2020:15:15:37 +0800] "DELETE /nacos/v1/ns/instance?app=unknown&namespaceId=public&port=8763&clusterName=DEFAULT&ip=172.28.20.216&ephemeral=true&serviceName=DEFAULT_GROUP%40%40base-gateway&encoding=UTF-8 HTTP/1.1" 200 2 3 Nacos-Java-Client:v1.2.1
127.0.0.1 - - [12/Nov/2020:15:15:46 +0800] "POST /nacos/v1/ns/instance?app=unknown&metadata=%7B%22preserved.register.source%22%3A%22SPRING_CLOUD%22%7D&ip=172.28.20.216&weight=1.0&ephemeral=true&serviceName=DEFAULT_GROUP%40%40base-gateway&encoding=UTF-8&groupName=DEFAULT_GROUP&namespaceId=public&port=8763&enable=true&healthy=true&clusterName=DEFAULT HTTP/1.1" 200 2 3 Nacos-Java-Client:v1.2.1
0:0:0:0:0:0:0:1 - - [12/Nov/2020:15:15:51 +0800] "GET /nacos/ HTTP/1.1" 304 - 7 Mozilla/5.0 (Windows NT 10.0; Win64; x64) AppleWebKit/537.36 (KHTML, like Gecko) Chrome/86.0.4240.198 Safari/537.36
0:0:0:0:0:0:0:1 - - [12/Nov/2020:15:15:51 +0800] "GET /nacos/v1/console/namespaces?&accessToken=eyJhbGciOiJIUzI1NiJ9.eyJzdWIiOiJuYWNvcyIsImV4cCI6MTYwNTE4MzA0NH0.4wzAVbJeqc_zjwSAX54HmrBtYBK8RjMAAKkG2qF4n1w&namespaceId= HTTP/1.1" 200 131 3 Mozilla/5.0 (Windows NT 10.0; Win64; x64) AppleWebKit/537.36 (KHTML, like Gecko) Chrome/86.0.4240.198 Safari/537.36
0:0:0:0:0:0:0:1 - - [12/Nov/2020:15:15:51 +0800] "GET /nacos/v1/console/server/state?accessToken=eyJhbGciOiJIUzI1NiJ9.eyJzdWIiOiJuYWNvcyIsImV4cCI6MTYwNTE4MzA0NH0.4wzAVbJeqc_zjwSAX54HmrBtYBK8RjMAAKkG2qF4n1w HTTP/1.1" 200 82 3 Mozilla/5.0 (Windows NT 10.0; Win64; x64) AppleWebKit/537.36 (KHTML, like Gecko) Chrome/86.0.4240.198 Safari/537.36
0:0:0:0:0:0:0:1 - - [12/Nov/2020:15:15:51 +0800] "GET /nacos/console-fe/public/icons/icon-font.woff2 HTTP/1.1" 404 177 5 Mozilla/5.0 (Windows NT 10.0; Win64; x64) AppleWebKit/537.36 (KHTML, like Gecko) Chrome/86.0.4240.198 Safari/537.36
0:0:0:0:0:0:0:1 - - [12/Nov/2020:15:15:51 +0800] "GET /nacos/v1/cs/configs?dataId=&group=&appName=&config_tags=&pageNo=1&pageSize=10&tenant=&search=accurate&accessToken=eyJhbGciOiJIUzI1NiJ9.eyJzdWIiOiJuYWNvcyIsImV4cCI6MTYwNTE4MzA0NH0.4wzAVbJeqc_zjwSAX54HmrBtYBK8RjMAAKkG2qF4n1w HTTP/1.1" 200 7850 4 Mozilla/5.0 (Windows NT 10.0; Win64; x64) AppleWebKit/537.36 (KHTML, like Gecko) Chrome/86.0.4240.198 Safari/537.36
127.0.0.1 - - [12/Nov/2020:15:15:51 +0800] "PUT /nacos/v1/ns/instance/beat?app=unknown&namespaceId=public&port=8763&clusterName=DEFAULT&ip=172.28.20.216&serviceName=DEFAULT_GROUP%40%40base-gateway&encoding=UTF-8 HTTP/1.1" 200 75 4 Nacos-Java-Client:v1.2.1
0:0:0:0:0:0:0:1 - - [12/Nov/2020:15:15:51 +0800] "GET /nacos/console-fe/public/img/favicon.ico HTTP/1.1" 200 4286 3 Mozilla/5.0 (Windows NT 10.0; Win64; x64) AppleWebKit/537.36 (KHTML, like Gecko) Chrome/86.0.4240.198 Safari/537.36
0:0:0:0:0:0:0:1 - - [12/Nov/2020:15:15:54 +0800] "GET /nacos/v1/ns/catalog/services?hasIpCount=true&withInstances=false&pageNo=1&pageSize=10&serviceNameParam=&groupNameParam=&accessToken=eyJhbGciOiJIUzI1NiJ9.eyJzdWIiOiJuYWNvcyIsImV4cCI6MTYwNTE4MzA0NH0.4wzAVbJeqc_zjwSAX54HmrBtYBK8RjMAAKkG2qF4n1w&namespaceId= HTTP/1.1" 200 166 4 Mozilla/5.0 (Windows NT 10.0; Win64; x64) AppleWebKit/537.36 (KHTML, like Gecko) Chrome/86.0.4240.198 Safari/537.36
127.0.0.1 - - [12/Nov/2020:15:15:56 +0800] "PUT /nacos/v1/ns/instance/beat?app=unknown&namespaceId=public&port=8763&clusterName=DEFAULT&ip=172.28.20.216&serviceName=DEFAULT_GROUP%40%40base-gateway&encoding=UTF-8 HTTP/1.1" 200 75 3 Nacos-Java-Client:v1.2.1
0:0:0:0:0:0:0:1 - - [12/Nov/2020:15:15:56 +0800] "GET /nacos/v1/ns/catalog/services?hasIpCount=true&withInstances=false&pageNo=1&pageSize=10&serviceNameParam=&groupNameParam=&accessToken=eyJhbGciOiJIUzI1NiJ9.eyJzdWIiOiJuYWNvcyIsImV4cCI6MTYwNTE4MzA0NH0.4wzAVbJeqc_zjwSAX54HmrBtYBK8RjMAAKkG2qF4n1w&namespaceId= HTTP/1.1" 200 166 4 Mozilla/5.0 (Windows NT 10.0; Win64; x64) AppleWebKit/537.36 (KHTML, like Gecko) Chrome/86.0.4240.198 Safari/537.36
0:0:0:0:0:0:0:1 - - [12/Nov/2020:15:15:57 +0800] "GET /nacos/v1/ns/catalog/services?hasIpCount=true&withInstances=false&pageNo=1&pageSize=10&serviceNameParam=&groupNameParam=&accessToken=eyJhbGciOiJIUzI1NiJ9.eyJzdWIiOiJuYWNvcyIsImV4cCI6MTYwNTE4MzA0NH0.4wzAVbJeqc_zjwSAX54HmrBtYBK8RjMAAKkG2qF4n1w&namespaceId= HTTP/1.1" 200 166 2 Mozilla/5.0 (Windows NT 10.0; Win64; x64) AppleWebKit/537.36 (KHTML, like Gecko) Chrome/86.0.4240.198 Safari/537.36
0:0:0:0:0:0:0:1 - - [12/Nov/2020:15:15:57 +0800] "GET /nacos/v1/ns/catalog/services?hasIpCount=true&withInstances=false&pageNo=1&pageSize=10&serviceNameParam=&groupNameParam=&accessToken=eyJhbGciOiJIUzI1NiJ9.eyJzdWIiOiJuYWNvcyIsImV4cCI6MTYwNTE4MzA0NH0.4wzAVbJeqc_zjwSAX54HmrBtYBK8RjMAAKkG2qF4n1w&namespaceId= HTTP/1.1" 200 166 2 Mozilla/5.0 (Windows NT 10.0; Win64; x64) AppleWebKit/537.36 (KHTML, like Gecko) Chrome/86.0.4240.198 Safari/537.36
127.0.0.1 - - [12/Nov/2020:15:16:01 +0800] "PUT /nacos/v1/ns/instance/beat?app=unknown&namespaceId=public&port=8763&clusterName=DEFAULT&ip=172.28.20.216&serviceName=DEFAULT_GROUP%40%40base-gateway&encoding=UTF-8 HTTP/1.1" 200 75 2 Nacos-Java-Client:v1.2.1
0:0:0:0:0:0:0:1 - - [12/Nov/2020:15:16:02 +0800] "DELETE /nacos/v1/ns/service?serviceName=base-gateway&groupName=DEFAULT_GROUP&accessToken=eyJhbGciOiJIUzI1NiJ9.eyJzdWIiOiJuYWNvcyIsImV4cCI6MTYwNTE4MzA0NH0.4wzAVbJeqc_zjwSAX54HmrBtYBK8RjMAAKkG2qF4n1w HTTP/1.1" 200 2 7 Mozilla/5.0 (Windows NT 10.0; Win64; x64) AppleWebKit/537.36 (KHTML, like Gecko) Chrome/86.0.4240.198 Safari/537.36
0:0:0:0:0:0:0:1 - - [12/Nov/2020:15:16:02 +0800] "GET /nacos/v1/ns/catalog/services?hasIpCount=true&withInstances=false&pageNo=1&pageSize=10&serviceNameParam=&groupNameParam=&accessToken=eyJhbGciOiJIUzI1NiJ9.eyJzdWIiOiJuYWNvcyIsImV4cCI6MTYwNTE4MzA0NH0.4wzAVbJeqc_zjwSAX54HmrBtYBK8RjMAAKkG2qF4n1w&namespaceId= HTTP/1.1" 200 39 4 Mozilla/5.0 (Windows NT 10.0; Win64; x64) AppleWebKit/537.36 (KHTML, like Gecko) Chrome/86.0.4240.198 Safari/537.36
0:0:0:0:0:0:0:1 - - [12/Nov/2020:15:16:03 +0800] "GET /nacos/v1/ns/catalog/services?hasIpCount=true&withInstances=false&pageNo=1&pageSize=10&serviceNameParam=&groupNameParam=&accessToken=eyJhbGciOiJIUzI1NiJ9.eyJzdWIiOiJuYWNvcyIsImV4cCI6MTYwNTE4MzA0NH0.4wzAVbJeqc_zjwSAX54HmrBtYBK8RjMAAKkG2qF4n1w&namespaceId= HTTP/1.1" 200 39 3 Mozilla/5.0 (Windows NT 10.0; Win64; x64) AppleWebKit/537.36 (KHTML, like Gecko) Chrome/86.0.4240.198 Safari/537.36
127.0.0.1 - - [12/Nov/2020:15:16:06 +0800] "PUT /nacos/v1/ns/instance/beat?app=unknown&namespaceId=public&port=8763&clusterName=DEFAULT&ip=172.28.20.216&serviceName=DEFAULT_GROUP%40%40base-gateway&encoding=UTF-8 HTTP/1.1" 200 51 2 Nacos-Java-Client:v1.2.1
127.0.0.1 - - [12/Nov/2020:15:16:06 +0800] "POST /nacos/v1/ns/instance?app=unknown&metadata=%7B%22preserved.register.source%22%3A%22SPRING_CLOUD%22%7D&ip=172.28.20.216&weight=1.0&ephemeral=true&serviceName=DEFAULT_GROUP%40%40base-gateway&encoding=UTF-8&groupName=DEFAULT_GROUP&namespaceId=public&port=8763&enable=true&healthy=true&clusterName=DEFAULT HTTP/1.1" 200 2 8 Nacos-Java-Client:v1.2.1
127.0.0.1 - - [12/Nov/2020:15:16:07 +0800] "DELETE /nacos/v1/ns/instance?app=unknown&namespaceId=public&port=8763&clusterName=DEFAULT&ip=172.28.20.216&ephemeral=true&serviceName=DEFAULT_GROUP%40%40base-gateway&encoding=UTF-8 HTTP/1.1" 200 2 2 Nacos-Java-Client:v1.2.1
127.0.0.1 - - [12/Nov/2020:15:16:16 +0800] "POST /nacos/v1/ns/instance?app=unknown&metadata=%7B%22preserved.register.source%22%3A%22SPRING_CLOUD%22%7D&ip=172.28.20.216&weight=1.0&ephemeral=true&serviceName=DEFAULT_GROUP%40%40base-gateway&encoding=UTF-8&groupName=DEFAULT_GROUP&namespaceId=public&port=8763&enable=true&healthy=true&clusterName=DEFAULT HTTP/1.1" 200 2 3 Nacos-Java-Client:v1.2.1
0:0:0:0:0:0:0:1 - - [12/Nov/2020:15:16:20 +0800] "GET /nacos/v1/ns/catalog/services?hasIpCount=true&withInstances=false&pageNo=1&pageSize=10&serviceNameParam=&groupNameParam=&accessToken=eyJhbGciOiJIUzI1NiJ9.eyJzdWIiOiJuYWNvcyIsImV4cCI6MTYwNTE4MzA0NH0.4wzAVbJeqc_zjwSAX54HmrBtYBK8RjMAAKkG2qF4n1w&namespaceId= HTTP/1.1" 200 166 3 Mozilla/5.0 (Windows NT 10.0; Win64; x64) AppleWebKit/537.36 (KHTML, like Gecko) Chrome/86.0.4240.198 Safari/537.36
127.0.0.1 - - [12/Nov/2020:15:16:21 +0800] "PUT /nacos/v1/ns/instance/beat?app=unknown&namespaceId=public&port=8763&clusterName=DEFAULT&ip=172.28.20.216&serviceName=DEFAULT_GROUP%40%40base-gateway&encoding=UTF-8 HTTP/1.1" 200 75 3 Nacos-Java-Client:v1.2.1
127.0.0.1 - - [12/Nov/2020:15:16:26 +0800] "PUT /nacos/v1/ns/instance/beat?app=unknown&namespaceId=public&port=8763&clusterName=DEFAULT&ip=172.28.20.216&serviceName=DEFAULT_GROUP%40%40base-gateway&encoding=UTF-8 HTTP/1.1" 200 75 4 Nacos-Java-Client:v1.2.1
127.0.0.1 - - [12/Nov/2020:15:16:31 +0800] "PUT /nacos/v1/ns/instance/beat?app=unknown&namespaceId=public&port=8763&clusterName=DEFAULT&ip=172.28.20.216&serviceName=DEFAULT_GROUP%40%40base-gateway&encoding=UTF-8 HTTP/1.1" 200 75 2 Nacos-Java-Client:v1.2.1
127.0.0.1 - - [12/Nov/2020:15:16:36 +0800] "PUT /nacos/v1/ns/instance/beat?app=unknown&namespaceId=public&port=8763&clusterName=DEFAULT&ip=172.28.20.216&serviceName=DEFAULT_GROUP%40%40base-gateway&encoding=UTF-8 HTTP/1.1" 200 75 3 Nacos-Java-Client:v1.2.1
127.0.0.1 - - [12/Nov/2020:15:16:41 +0800] "PUT /nacos/v1/ns/instance/beat?app=unknown&namespaceId=public&port=8763&clusterName=DEFAULT&ip=172.28.20.216&serviceName=DEFAULT_GROUP%40%40base-gateway&encoding=UTF-8 HTTP/1.1" 200 75 2 Nacos-Java-Client:v1.2.1
127.0.0.1 - - [12/Nov/2020:15:16:46 +0800] "PUT /nacos/v1/ns/instance/beat?app=unknown&namespaceId=public&port=8763&clusterName=DEFAULT&ip=172.28.20.216&serviceName=DEFAULT_GROUP%40%40base-gateway&encoding=UTF-8 HTTP/1.1" 200 75 1 Nacos-Java-Client:v1.2.1
127.0.0.1 - - [12/Nov/2020:15:16:51 +0800] "PUT /nacos/v1/ns/instance/beat?app=unknown&namespaceId=public&port=8763&clusterName=DEFAULT&ip=172.28.20.216&serviceName=DEFAULT_GROUP%40%40base-gateway&encoding=UTF-8 HTTP/1.1" 200 75 3 Nacos-Java-Client:v1.2.1
127.0.0.1 - - [12/Nov/2020:15:16:56 +0800] "PUT /nacos/v1/ns/instance/beat?app=unknown&namespaceId=public&port=8763&clusterName=DEFAULT&ip=172.28.20.216&serviceName=DEFAULT_GROUP%40%40base-gateway&encoding=UTF-8 HTTP/1.1" 200 75 3 Nacos-Java-Client:v1.2.1
127.0.0.1 - - [12/Nov/2020:15:17:01 +0800] "PUT /nacos/v1/ns/instance/beat?app=unknown&namespaceId=public&port=8763&clusterName=DEFAULT&ip=172.28.20.216&serviceName=DEFAULT_GROUP%40%40base-gateway&encoding=UTF-8 HTTP/1.1" 200 75 3 Nacos-Java-Client:v1.2.1
127.0.0.1 - - [12/Nov/2020:15:17:06 +0800] "PUT /nacos/v1/ns/instance/beat?app=unknown&namespaceId=public&port=8763&clusterName=DEFAULT&ip=172.28.20.216&serviceName=DEFAULT_GROUP%40%40base-gateway&encoding=UTF-8 HTTP/1.1" 200 75 2 Nacos-Java-Client:v1.2.1
127.0.0.1 - - [12/Nov/2020:15:17:11 +0800] "PUT /nacos/v1/ns/instance/beat?app=unknown&namespaceId=public&port=8763&clusterName=DEFAULT&ip=172.28.20.216&serviceName=DEFAULT_GROUP%40%40base-gateway&encoding=UTF-8 HTTP/1.1" 200 75 1 Nacos-Java-Client:v1.2.1
127.0.0.1 - - [12/Nov/2020:15:17:16 +0800] "PUT /nacos/v1/ns/instance/beat?app=unknown&namespaceId=public&port=8763&clusterName=DEFAULT&ip=172.28.20.216&serviceName=DEFAULT_GROUP%40%40base-gateway&encoding=UTF-8 HTTP/1.1" 200 75 2 Nacos-Java-Client:v1.2.1
127.0.0.1 - - [12/Nov/2020:15:17:21 +0800] "PUT /nacos/v1/ns/instance/beat?app=unknown&namespaceId=public&port=8763&clusterName=DEFAULT&ip=172.28.20.216&serviceName=DEFAULT_GROUP%40%40base-gateway&encoding=UTF-8 HTTP/1.1" 200 75 2 Nacos-Java-Client:v1.2.1
127.0.0.1 - - [12/Nov/2020:15:17:26 +0800] "PUT /nacos/v1/ns/instance/beat?app=unknown&namespaceId=public&port=8763&clusterName=DEFAULT&ip=172.28.20.216&serviceName=DEFAULT_GROUP%40%40base-gateway&encoding=UTF-8 HTTP/1.1" 200 75 3 Nacos-Java-Client:v1.2.1
127.0.0.1 - - [12/Nov/2020:15:17:31 +0800] "PUT /nacos/v1/ns/instance/beat?app=unknown&namespaceId=public&port=8763&clusterName=DEFAULT&ip=172.28.20.216&serviceName=DEFAULT_GROUP%40%40base-gateway&encoding=UTF-8 HTTP/1.1" 200 75 3 Nacos-Java-Client:v1.2.1
127.0.0.1 - - [12/Nov/2020:15:17:36 +0800] "PUT /nacos/v1/ns/instance/beat?app=unknown&namespaceId=public&port=8763&clusterName=DEFAULT&ip=172.28.20.216&serviceName=DEFAULT_GROUP%40%40base-gateway&encoding=UTF-8 HTTP/1.1" 200 75 3 Nacos-Java-Client:v1.2.1
127.0.0.1 - - [12/Nov/2020:15:17:41 +0800] "PUT /nacos/v1/ns/instance/beat?app=unknown&namespaceId=public&port=8763&clusterName=DEFAULT&ip=172.28.20.216&serviceName=DEFAULT_GROUP%40%40base-gateway&encoding=UTF-8 HTTP/1.1" 200 75 1 Nacos-Java-Client:v1.2.1
127.0.0.1 - - [12/Nov/2020:15:17:46 +0800] "PUT /nacos/v1/ns/instance/beat?app=unknown&namespaceId=public&port=8763&clusterName=DEFAULT&ip=172.28.20.216&serviceName=DEFAULT_GROUP%40%40base-gateway&encoding=UTF-8 HTTP/1.1" 200 75 2 Nacos-Java-Client:v1.2.1
127.0.0.1 - - [12/Nov/2020:15:17:51 +0800] "PUT /nacos/v1/ns/instance/beat?app=unknown&namespaceId=public&port=8763&clusterName=DEFAULT&ip=172.28.20.216&serviceName=DEFAULT_GROUP%40%40base-gateway&encoding=UTF-8 HTTP/1.1" 200 75 3 Nacos-Java-Client:v1.2.1
127.0.0.1 - - [12/Nov/2020:15:17:56 +0800] "PUT /nacos/v1/ns/instance/beat?app=unknown&namespaceId=public&port=8763&clusterName=DEFAULT&ip=172.28.20.216&serviceName=DEFAULT_GROUP%40%40base-gateway&encoding=UTF-8 HTTP/1.1" 200 75 3 Nacos-Java-Client:v1.2.1
127.0.0.1 - - [12/Nov/2020:15:18:01 +0800] "PUT /nacos/v1/ns/instance/beat?app=unknown&namespaceId=public&port=8763&clusterName=DEFAULT&ip=172.28.20.216&serviceName=DEFAULT_GROUP%40%40base-gateway&encoding=UTF-8 HTTP/1.1" 200 75 3 Nacos-Java-Client:v1.2.1
127.0.0.1 - - [12/Nov/2020:15:18:06 +0800] "PUT /nacos/v1/ns/instance/beat?app=unknown&namespaceId=public&port=8763&clusterName=DEFAULT&ip=172.28.20.216&serviceName=DEFAULT_GROUP%40%40base-gateway&encoding=UTF-8 HTTP/1.1" 200 75 3 Nacos-Java-Client:v1.2.1
127.0.0.1 - - [12/Nov/2020:15:18:11 +0800] "PUT /nacos/v1/ns/instance/beat?app=unknown&namespaceId=public&port=8763&clusterName=DEFAULT&ip=172.28.20.216&serviceName=DEFAULT_GROUP%40%40base-gateway&encoding=UTF-8 HTTP/1.1" 200 75 2 Nacos-Java-Client:v1.2.1
127.0.0.1 - - [12/Nov/2020:15:18:16 +0800] "PUT /nacos/v1/ns/instance/beat?app=unknown&namespaceId=public&port=8763&clusterName=DEFAULT&ip=172.28.20.216&serviceName=DEFAULT_GROUP%40%40base-gateway&encoding=UTF-8 HTTP/1.1" 200 75 1 Nacos-Java-Client:v1.2.1
127.0.0.1 - - [12/Nov/2020:15:18:21 +0800] "PUT /nacos/v1/ns/instance/beat?app=unknown&namespaceId=public&port=8763&clusterName=DEFAULT&ip=172.28.20.216&serviceName=DEFAULT_GROUP%40%40base-gateway&encoding=UTF-8 HTTP/1.1" 200 75 1 Nacos-Java-Client:v1.2.1
127.0.0.1 - - [12/Nov/2020:15:18:26 +0800] "PUT /nacos/v1/ns/instance/beat?app=unknown&namespaceId=public&port=8763&clusterName=DEFAULT&ip=172.28.20.216&serviceName=DEFAULT_GROUP%40%40base-gateway&encoding=UTF-8 HTTP/1.1" 200 75 2 Nacos-Java-Client:v1.2.1
0:0:0:0:0:0:0:1 - - [12/Nov/2020:15:18:28 +0800] "GET /nacos/v1/cs/configs?dataId=&group=&appName=&config_tags=&pageNo=1&pageSize=10&tenant=&search=accurate&accessToken=eyJhbGciOiJIUzI1NiJ9.eyJzdWIiOiJuYWNvcyIsImV4cCI6MTYwNTE4MzA0NH0.4wzAVbJeqc_zjwSAX54HmrBtYBK8RjMAAKkG2qF4n1w HTTP/1.1" 200 7850 5 Mozilla/5.0 (Windows NT 10.0; Win64; x64) AppleWebKit/537.36 (KHTML, like Gecko) Chrome/86.0.4240.198 Safari/537.36
127.0.0.1 - - [12/Nov/2020:15:18:31 +0800] "PUT /nacos/v1/ns/instance/beat?app=unknown&namespaceId=public&port=8763&clusterName=DEFAULT&ip=172.28.20.216&serviceName=DEFAULT_GROUP%40%40base-gateway&encoding=UTF-8 HTTP/1.1" 200 75 2 Nacos-Java-Client:v1.2.1
0:0:0:0:0:0:0:1 - - [12/Nov/2020:15:18:32 +0800] "GET /nacos/v1/cs/configs?dataId=&group=&appName=&config_tags=&pageNo=1&pageSize=10&tenant=&search=accurate&accessToken=eyJhbGciOiJIUzI1NiJ9.eyJzdWIiOiJuYWNvcyIsImV4cCI6MTYwNTE4MzA0NH0.4wzAVbJeqc_zjwSAX54HmrBtYBK8RjMAAKkG2qF4n1w HTTP/1.1" 200 7850 4 Mozilla/5.0 (Windows NT 10.0; Win64; x64) AppleWebKit/537.36 (KHTML, like Gecko) Chrome/86.0.4240.198 Safari/537.36
0:0:0:0:0:0:0:1 - - [12/Nov/2020:15:18:33 +0800] "GET /nacos/v1/cs/configs?dataId=&group=&appName=&config_tags=&pageNo=1&pageSize=10&tenant=&search=accurate&accessToken=eyJhbGciOiJIUzI1NiJ9.eyJzdWIiOiJuYWNvcyIsImV4cCI6MTYwNTE4MzA0NH0.4wzAVbJeqc_zjwSAX54HmrBtYBK8RjMAAKkG2qF4n1w HTTP/1.1" 200 7850 4 Mozilla/5.0 (Windows NT 10.0; Win64; x64) AppleWebKit/537.36 (KHTML, like Gecko) Chrome/86.0.4240.198 Safari/537.36
127.0.0.1 - - [12/Nov/2020:15:18:36 +0800] "PUT /nacos/v1/ns/instance/beat?app=unknown&namespaceId=public&port=8763&clusterName=DEFAULT&ip=172.28.20.216&serviceName=DEFAULT_GROUP%40%40base-gateway&encoding=UTF-8 HTTP/1.1" 200 75 1 Nacos-Java-Client:v1.2.1
127.0.0.1 - - [12/Nov/2020:15:18:41 +0800] "PUT /nacos/v1/ns/instance/beat?app=unknown&namespaceId=public&port=8763&clusterName=DEFAULT&ip=172.28.20.216&serviceName=DEFAULT_GROUP%40%40base-gateway&encoding=UTF-8 HTTP/1.1" 200 75 4 Nacos-Java-Client:v1.2.1
127.0.0.1 - - [12/Nov/2020:15:18:46 +0800] "PUT /nacos/v1/ns/instance/beat?app=unknown&namespaceId=public&port=8763&clusterName=DEFAULT&ip=172.28.20.216&serviceName=DEFAULT_GROUP%40%40base-gateway&encoding=UTF-8 HTTP/1.1" 200 75 2 Nacos-Java-Client:v1.2.1
0:0:0:0:0:0:0:1 - - [12/Nov/2020:15:18:47 +0800] "GET /nacos/console-fe/public/js/vs/base/worker/workerMain.js HTTP/1.1" 200 151535 6 Mozilla/5.0 (Windows NT 10.0; Win64; x64) AppleWebKit/537.36 (KHTML, like Gecko) Chrome/86.0.4240.198 Safari/537.36
0:0:0:0:0:0:0:1 - - [12/Nov/2020:15:18:50 +0800] "GET /nacos/v1/cs/configs?dataId=&group=&appName=&config_tags=&pageNo=1&pageSize=10&tenant=&search=accurate&accessToken=eyJhbGciOiJIUzI1NiJ9.eyJzdWIiOiJuYWNvcyIsImV4cCI6MTYwNTE4MzA0NH0.4wzAVbJeqc_zjwSAX54HmrBtYBK8RjMAAKkG2qF4n1w HTTP/1.1" 200 7850 5 Mozilla/5.0 (Windows NT 10.0; Win64; x64) AppleWebKit/537.36 (KHTML, like Gecko) Chrome/86.0.4240.198 Safari/537.36
127.0.0.1 - - [12/Nov/2020:15:18:51 +0800] "PUT /nacos/v1/ns/instance/beat?app=unknown&namespaceId=public&port=8763&clusterName=DEFAULT&ip=172.28.20.216&serviceName=DEFAULT_GROUP%40%40base-gateway&encoding=UTF-8 HTTP/1.1" 200 75 2 Nacos-Java-Client:v1.2.1
127.0.0.1 - - [12/Nov/2020:15:18:56 +0800] "PUT /nacos/v1/ns/instance/beat?app=unknown&namespaceId=public&port=8763&clusterName=DEFAULT&ip=172.28.20.216&serviceName=DEFAULT_GROUP%40%40base-gateway&encoding=UTF-8 HTTP/1.1" 200 75 3 Nacos-Java-Client:v1.2.1
0:0:0:0:0:0:0:1 - - [12/Nov/2020:15:19:00 +0800] "GET /nacos/v1/console/namespaces?&accessToken=eyJhbGciOiJIUzI1NiJ9.eyJzdWIiOiJuYWNvcyIsImV4cCI6MTYwNTE4MzA0NH0.4wzAVbJeqc_zjwSAX54HmrBtYBK8RjMAAKkG2qF4n1w&namespaceId= HTTP/1.1" 200 131 9 Mozilla/5.0 (Windows NT 10.0; Win64; x64) AppleWebKit/537.36 (KHTML, like Gecko) Chrome/86.0.4240.198 Safari/537.36
127.0.0.1 - - [12/Nov/2020:15:19:01 +0800] "PUT /nacos/v1/ns/instance/beat?app=unknown&namespaceId=public&port=8763&clusterName=DEFAULT&ip=172.28.20.216&serviceName=DEFAULT_GROUP%40%40base-gateway&encoding=UTF-8 HTTP/1.1" 200 75 1 Nacos-Java-Client:v1.2.1
127.0.0.1 - - [12/Nov/2020:15:19:06 +0800] "PUT /nacos/v1/ns/instance/beat?app=unknown&namespaceId=public&port=8763&clusterName=DEFAULT&ip=172.28.20.216&serviceName=DEFAULT_GROUP%40%40base-gateway&encoding=UTF-8 HTTP/1.1" 200 75 2 Nacos-Java-Client:v1.2.1
127.0.0.1 - - [12/Nov/2020:15:19:11 +0800] "PUT /nacos/v1/ns/instance/beat?app=unknown&namespaceId=public&port=8763&clusterName=DEFAULT&ip=172.28.20.216&serviceName=DEFAULT_GROUP%40%40base-gateway&encoding=UTF-8 HTTP/1.1" 200 75 4 Nacos-Java-Client:v1.2.1
127.0.0.1 - - [12/Nov/2020:15:19:16 +0800] "PUT /nacos/v1/ns/instance/beat?app=unknown&namespaceId=public&port=8763&clusterName=DEFAULT&ip=172.28.20.216&serviceName=DEFAULT_GROUP%40%40base-gateway&encoding=UTF-8 HTTP/1.1" 200 75 2 Nacos-Java-Client:v1.2.1
127.0.0.1 - - [12/Nov/2020:15:19:21 +0800] "PUT /nacos/v1/ns/instance/beat?app=unknown&namespaceId=public&port=8763&clusterName=DEFAULT&ip=172.28.20.216&serviceName=DEFAULT_GROUP%40%40base-gateway&encoding=UTF-8 HTTP/1.1" 200 75 2 Nacos-Java-Client:v1.2.1
127.0.0.1 - - [12/Nov/2020:15:19:26 +0800] "PUT /nacos/v1/ns/instance/beat?app=unknown&namespaceId=public&port=8763&clusterName=DEFAULT&ip=172.28.20.216&serviceName=DEFAULT_GROUP%40%40base-gateway&encoding=UTF-8 HTTP/1.1" 200 75 3 Nacos-Java-Client:v1.2.1
127.0.0.1 - - [12/Nov/2020:15:19:31 +0800] "PUT /nacos/v1/ns/instance/beat?app=unknown&namespaceId=public&port=8763&clusterName=DEFAULT&ip=172.28.20.216&serviceName=DEFAULT_GROUP%40%40base-gateway&encoding=UTF-8 HTTP/1.1" 200 75 2 Nacos-Java-Client:v1.2.1
127.0.0.1 - - [12/Nov/2020:15:19:36 +0800] "PUT /nacos/v1/ns/instance/beat?app=unknown&namespaceId=public&port=8763&clusterName=DEFAULT&ip=172.28.20.216&serviceName=DEFAULT_GROUP%40%40base-gateway&encoding=UTF-8 HTTP/1.1" 200 75 1 Nacos-Java-Client:v1.2.1
0:0:0:0:0:0:0:1 - - [12/Nov/2020:15:19:41 +0800] "GET /nacos/v1/console/namespaces?checkNamespaceIdExist=true&accessToken=eyJhbGciOiJIUzI1NiJ9.eyJzdWIiOiJuYWNvcyIsImV4cCI6MTYwNTE4MzA0NH0.4wzAVbJeqc_zjwSAX54HmrBtYBK8RjMAAKkG2qF4n1w&customNamespaceId=&namespaceId= HTTP/1.1" 200 15 9 Mozilla/5.0 (Windows NT 10.0; Win64; x64) AppleWebKit/537.36 (KHTML, like Gecko) Chrome/86.0.4240.198 Safari/537.36
0:0:0:0:0:0:0:1 - - [12/Nov/2020:15:19:41 +0800] "POST /nacos/v1/console/namespaces?&accessToken=eyJhbGciOiJIUzI1NiJ9.eyJzdWIiOiJuYWNvcyIsImV4cCI6MTYwNTE4MzA0NH0.4wzAVbJeqc_zjwSAX54HmrBtYBK8RjMAAKkG2qF4n1w HTTP/1.1" 200 14 8 Mozilla/5.0 (Windows NT 10.0; Win64; x64) AppleWebKit/537.36 (KHTML, like Gecko) Chrome/86.0.4240.198 Safari/537.36
127.0.0.1 - - [12/Nov/2020:15:19:41 +0800] "PUT /nacos/v1/ns/instance/beat?app=unknown&namespaceId=public&port=8763&clusterName=DEFAULT&ip=172.28.20.216&serviceName=DEFAULT_GROUP%40%40base-gateway&encoding=UTF-8 HTTP/1.1" 200 75 4 Nacos-Java-Client:v1.2.1
0:0:0:0:0:0:0:1 - - [12/Nov/2020:15:19:43 +0800] "GET /nacos/v1/console/namespaces?&accessToken=eyJhbGciOiJIUzI1NiJ9.eyJzdWIiOiJuYWNvcyIsImV4cCI6MTYwNTE4MzA0NH0.4wzAVbJeqc_zjwSAX54HmrBtYBK8RjMAAKkG2qF4n1w&namespaceId= HTTP/1.1" 200 254 3 Mozilla/5.0 (Windows NT 10.0; Win64; x64) AppleWebKit/537.36 (KHTML, like Gecko) Chrome/86.0.4240.198 Safari/537.36
0:0:0:0:0:0:0:1 - - [12/Nov/2020:15:19:43 +0800] "GET /nacos/v1/console/namespaces?&accessToken=eyJhbGciOiJIUzI1NiJ9.eyJzdWIiOiJuYWNvcyIsImV4cCI6MTYwNTE4MzA0NH0.4wzAVbJeqc_zjwSAX54HmrBtYBK8RjMAAKkG2qF4n1w&namespaceId= HTTP/1.1" 200 254 2 Mozilla/5.0 (Windows NT 10.0; Win64; x64) AppleWebKit/537.36 (KHTML, like Gecko) Chrome/86.0.4240.198 Safari/537.36
127.0.0.1 - - [12/Nov/2020:15:19:46 +0800] "PUT /nacos/v1/ns/instance/beat?app=unknown&namespaceId=public&port=8763&clusterName=DEFAULT&ip=172.28.20.216&serviceName=DEFAULT_GROUP%40%40base-gateway&encoding=UTF-8 HTTP/1.1" 200 75 2 Nacos-Java-Client:v1.2.1
0:0:0:0:0:0:0:1 - - [12/Nov/2020:15:19:49 +0800] "GET /nacos/v1/console/namespaces?show=all&namespaceId=252300de-5857-4435-9d06-cf301f1e0733&accessToken=eyJhbGciOiJIUzI1NiJ9.eyJzdWIiOiJuYWNvcyIsImV4cCI6MTYwNTE4MzA0NH0.4wzAVbJeqc_zjwSAX54HmrBtYBK8RjMAAKkG2qF4n1w HTTP/1.1" 200 191 7 Mozilla/5.0 (Windows NT 10.0; Win64; x64) AppleWebKit/537.36 (KHTML, like Gecko) Chrome/86.0.4240.198 Safari/537.36
127.0.0.1 - - [12/Nov/2020:15:19:51 +0800] "PUT /nacos/v1/ns/instance/beat?app=unknown&namespaceId=public&port=8763&clusterName=DEFAULT&ip=172.28.20.216&serviceName=DEFAULT_GROUP%40%40base-gateway&encoding=UTF-8 HTTP/1.1" 200 75 2 Nacos-Java-Client:v1.2.1
0:0:0:0:0:0:0:1 - - [12/Nov/2020:15:19:54 +0800] "GET /nacos/v1/cs/configs?dataId=&group=&appName=&config_tags=&pageNo=1&pageSize=10&tenant=&search=accurate&accessToken=eyJhbGciOiJIUzI1NiJ9.eyJzdWIiOiJuYWNvcyIsImV4cCI6MTYwNTE4MzA0NH0.4wzAVbJeqc_zjwSAX54HmrBtYBK8RjMAAKkG2qF4n1w HTTP/1.1" 200 7850 5 Mozilla/5.0 (Windows NT 10.0; Win64; x64) AppleWebKit/537.36 (KHTML, like Gecko) Chrome/86.0.4240.198 Safari/537.36
127.0.0.1 - - [12/Nov/2020:15:19:56 +0800] "PUT /nacos/v1/ns/instance/beat?app=unknown&namespaceId=public&port=8763&clusterName=DEFAULT&ip=172.28.20.216&serviceName=DEFAULT_GROUP%40%40base-gateway&encoding=UTF-8 HTTP/1.1" 200 75 4 Nacos-Java-Client:v1.2.1
0:0:0:0:0:0:0:1 - - [12/Nov/2020:15:19:57 +0800] "GET /nacos/v1/cs/configs?export=true&tenant=&group=&appName=&dataId=&ids=&accessToken=eyJhbGciOiJIUzI1NiJ9.eyJzdWIiOiJuYWNvcyIsImV4cCI6MTYwNTE4MzA0NH0.4wzAVbJeqc_zjwSAX54HmrBtYBK8RjMAAKkG2qF4n1w HTTP/1.1" 200 5758 49 Mozilla/5.0 (Windows NT 10.0; Win64; x64) AppleWebKit/537.36 (KHTML, like Gecko) Chrome/86.0.4240.198 Safari/537.36
127.0.0.1 - - [12/Nov/2020:15:20:01 +0800] "PUT /nacos/v1/ns/instance/beat?app=unknown&namespaceId=public&port=8763&clusterName=DEFAULT&ip=172.28.20.216&serviceName=DEFAULT_GROUP%40%40base-gateway&encoding=UTF-8 HTTP/1.1" 200 75 2 Nacos-Java-Client:v1.2.1
0:0:0:0:0:0:0:1 - - [12/Nov/2020:15:20:03 +0800] "DELETE /nacos/v1/cs/configs?dataId=auto-auth.yaml&group=AUTO_GROUP&tenant=&accessToken=eyJhbGciOiJIUzI1NiJ9.eyJzdWIiOiJuYWNvcyIsImV4cCI6MTYwNTE4MzA0NH0.4wzAVbJeqc_zjwSAX54HmrBtYBK8RjMAAKkG2qF4n1w HTTP/1.1" 200 14 34 Mozilla/5.0 (Windows NT 10.0; Win64; x64) AppleWebKit/537.36 (KHTML, like Gecko) Chrome/86.0.4240.198 Safari/537.36
0:0:0:0:0:0:0:1 - - [12/Nov/2020:15:20:03 +0800] "GET /nacos/v1/cs/configs?dataId=&group=&appName=&config_tags=&pageNo=1&pageSize=10&tenant=&search=accurate&accessToken=eyJhbGciOiJIUzI1NiJ9.eyJzdWIiOiJuYWNvcyIsImV4cCI6MTYwNTE4MzA0NH0.4wzAVbJeqc_zjwSAX54HmrBtYBK8RjMAAKkG2qF4n1w HTTP/1.1" 200 7378 8 Mozilla/5.0 (Windows NT 10.0; Win64; x64) AppleWebKit/537.36 (KHTML, like Gecko) Chrome/86.0.4240.198 Safari/537.36
172.28.20.216 - - [12/Nov/2020:15:20:03 +0800] "GET /nacos/v1/cs/communication/dataChange?dataId=auto-auth.yaml&group=AUTO_GROUP HTTP/1.1" 200 14 5 Apache-HttpAsyncClient/4.1.3 (Java/1.8.0_131)
127.0.0.1 - - [12/Nov/2020:15:20:06 +0800] "PUT /nacos/v1/ns/instance/beat?app=unknown&namespaceId=public&port=8763&clusterName=DEFAULT&ip=172.28.20.216&serviceName=DEFAULT_GROUP%40%40base-gateway&encoding=UTF-8 HTTP/1.1" 200 75 2 Nacos-Java-Client:v1.2.1
0:0:0:0:0:0:0:1 - - [12/Nov/2020:15:20:06 +0800] "DELETE /nacos/v1/cs/configs?dataId=auto-gateway.yaml&group=AUTO_GROUP&tenant=&accessToken=eyJhbGciOiJIUzI1NiJ9.eyJzdWIiOiJuYWNvcyIsImV4cCI6MTYwNTE4MzA0NH0.4wzAVbJeqc_zjwSAX54HmrBtYBK8RjMAAKkG2qF4n1w HTTP/1.1" 200 14 12 Mozilla/5.0 (Windows NT 10.0; Win64; x64) AppleWebKit/537.36 (KHTML, like Gecko) Chrome/86.0.4240.198 Safari/537.36
172.28.20.216 - - [12/Nov/2020:15:20:06 +0800] "GET /nacos/v1/cs/communication/dataChange?dataId=auto-gateway.yaml&group=AUTO_GROUP HTTP/1.1" 200 14 2 Apache-HttpAsyncClient/4.1.3 (Java/1.8.0_131)
0:0:0:0:0:0:0:1 - - [12/Nov/2020:15:20:06 +0800] "GET /nacos/v1/cs/configs?dataId=&group=&appName=&config_tags=&pageNo=1&pageSize=10&tenant=&search=accurate&accessToken=eyJhbGciOiJIUzI1NiJ9.eyJzdWIiOiJuYWNvcyIsImV4cCI6MTYwNTE4MzA0NH0.4wzAVbJeqc_zjwSAX54HmrBtYBK8RjMAAKkG2qF4n1w HTTP/1.1" 200 6434 5 Mozilla/5.0 (Windows NT 10.0; Win64; x64) AppleWebKit/537.36 (KHTML, like Gecko) Chrome/86.0.4240.198 Safari/537.36
127.0.0.1 - - [12/Nov/2020:15:20:11 +0800] "PUT /nacos/v1/ns/instance/beat?app=unknown&namespaceId=public&port=8763&clusterName=DEFAULT&ip=172.28.20.216&serviceName=DEFAULT_GROUP%40%40base-gateway&encoding=UTF-8 HTTP/1.1" 200 75 3 Nacos-Java-Client:v1.2.1
0:0:0:0:0:0:0:1 - - [12/Nov/2020:15:20:12 +0800] "DELETE /nacos/v1/cs/configs?dataId=auto-system.yaml&group=AUTO_GROUP&tenant=&accessToken=eyJhbGciOiJIUzI1NiJ9.eyJzdWIiOiJuYWNvcyIsImV4cCI6MTYwNTE4MzA0NH0.4wzAVbJeqc_zjwSAX54HmrBtYBK8RjMAAKkG2qF4n1w HTTP/1.1" 200 14 7 Mozilla/5.0 (Windows NT 10.0; Win64; x64) AppleWebKit/537.36 (KHTML, like Gecko) Chrome/86.0.4240.198 Safari/537.36
172.28.20.216 - - [12/Nov/2020:15:20:12 +0800] "GET /nacos/v1/cs/communication/dataChange?dataId=auto-system.yaml&group=AUTO_GROUP HTTP/1.1" 200 14 3 Apache-HttpAsyncClient/4.1.3 (Java/1.8.0_131)
0:0:0:0:0:0:0:1 - - [12/Nov/2020:15:20:12 +0800] "GET /nacos/v1/cs/configs?dataId=&group=&appName=&config_tags=&pageNo=1&pageSize=10&tenant=&search=accurate&accessToken=eyJhbGciOiJIUzI1NiJ9.eyJzdWIiOiJuYWNvcyIsImV4cCI6MTYwNTE4MzA0NH0.4wzAVbJeqc_zjwSAX54HmrBtYBK8RjMAAKkG2qF4n1w HTTP/1.1" 200 5606 6 Mozilla/5.0 (Windows NT 10.0; Win64; x64) AppleWebKit/537.36 (KHTML, like Gecko) Chrome/86.0.4240.198 Safari/537.36
127.0.0.1 - - [12/Nov/2020:15:20:16 +0800] "PUT /nacos/v1/ns/instance/beat?app=unknown&namespaceId=public&port=8763&clusterName=DEFAULT&ip=172.28.20.216&serviceName=DEFAULT_GROUP%40%40base-gateway&encoding=UTF-8 HTTP/1.1" 200 75 2 Nacos-Java-Client:v1.2.1
0:0:0:0:0:0:0:1 - - [12/Nov/2020:15:20:17 +0800] "GET /nacos/v1/cs/configs?dataId=&group=&appName=&config_tags=&pageNo=1&pageSize=10&tenant=&search=accurate&accessToken=eyJhbGciOiJIUzI1NiJ9.eyJzdWIiOiJuYWNvcyIsImV4cCI6MTYwNTE4MzA0NH0.4wzAVbJeqc_zjwSAX54HmrBtYBK8RjMAAKkG2qF4n1w HTTP/1.1" 200 5606 3 Mozilla/5.0 (Windows NT 10.0; Win64; x64) AppleWebKit/537.36 (KHTML, like Gecko) Chrome/86.0.4240.198 Safari/537.36
0:0:0:0:0:0:0:1 - - [12/Nov/2020:15:20:18 +0800] "GET /nacos/v1/cs/configs?dataId=&group=&appName=&config_tags=&pageNo=1&pageSize=10&tenant=252300de-5857-4435-9d06-cf301f1e0733&search=accurate&accessToken=eyJhbGciOiJIUzI1NiJ9.eyJzdWIiOiJuYWNvcyIsImV4cCI6MTYwNTE4MzA0NH0.4wzAVbJeqc_zjwSAX54HmrBtYBK8RjMAAKkG2qF4n1w HTTP/1.1" 200 76 3 Mozilla/5.0 (Windows NT 10.0; Win64; x64) AppleWebKit/537.36 (KHTML, like Gecko) Chrome/86.0.4240.198 Safari/537.36
127.0.0.1 - - [12/Nov/2020:15:20:21 +0800] "PUT /nacos/v1/ns/instance/beat?app=unknown&namespaceId=public&port=8763&clusterName=DEFAULT&ip=172.28.20.216&serviceName=DEFAULT_GROUP%40%40base-gateway&encoding=UTF-8 HTTP/1.1" 200 75 2 Nacos-Java-Client:v1.2.1
127.0.0.1 - - [12/Nov/2020:15:20:26 +0800] "PUT /nacos/v1/ns/instance/beat?app=unknown&namespaceId=public&port=8763&clusterName=DEFAULT&ip=172.28.20.216&serviceName=DEFAULT_GROUP%40%40base-gateway&encoding=UTF-8 HTTP/1.1" 200 75 2 Nacos-Java-Client:v1.2.1
127.0.0.1 - - [12/Nov/2020:15:20:31 +0800] "PUT /nacos/v1/ns/instance/beat?app=unknown&namespaceId=public&port=8763&clusterName=DEFAULT&ip=172.28.20.216&serviceName=DEFAULT_GROUP%40%40base-gateway&encoding=UTF-8 HTTP/1.1" 200 75 2 Nacos-Java-Client:v1.2.1
127.0.0.1 - - [12/Nov/2020:15:20:36 +0800] "PUT /nacos/v1/ns/instance/beat?app=unknown&namespaceId=public&port=8763&clusterName=DEFAULT&ip=172.28.20.216&serviceName=DEFAULT_GROUP%40%40base-gateway&encoding=UTF-8 HTTP/1.1" 200 75 2 Nacos-Java-Client:v1.2.1
127.0.0.1 - - [12/Nov/2020:15:20:41 +0800] "PUT /nacos/v1/ns/instance/beat?app=unknown&namespaceId=public&port=8763&clusterName=DEFAULT&ip=172.28.20.216&serviceName=DEFAULT_GROUP%40%40base-gateway&encoding=UTF-8 HTTP/1.1" 200 75 3 Nacos-Java-Client:v1.2.1
127.0.0.1 - - [12/Nov/2020:15:20:46 +0800] "PUT /nacos/v1/ns/instance/beat?app=unknown&namespaceId=public&port=8763&clusterName=DEFAULT&ip=172.28.20.216&serviceName=DEFAULT_GROUP%40%40base-gateway&encoding=UTF-8 HTTP/1.1" 200 75 2 Nacos-Java-Client:v1.2.1
127.0.0.1 - - [12/Nov/2020:15:20:51 +0800] "PUT /nacos/v1/ns/instance/beat?app=unknown&namespaceId=public&port=8763&clusterName=DEFAULT&ip=172.28.20.216&serviceName=DEFAULT_GROUP%40%40base-gateway&encoding=UTF-8 HTTP/1.1" 200 75 2 Nacos-Java-Client:v1.2.1
